
===========================================================================
 report_power
============================================================================
======================= max_ss_100C_1v60 Corner ===================================

Group                    Internal    Switching      Leakage        Total
                            Power        Power        Power        Power (Watts)
------------------------------------------------------------------------
Sequential           4.379553e-06 2.503069e-06 3.685079e-07 7.251129e-06  22.5%
Combinational        8.226346e-06 1.458931e-05 2.204034e-06 2.501968e-05  77.5%
Macro                0.000000e+00 0.000000e+00 0.000000e+00 0.000000e+00   0.0%
Pad                  0.000000e+00 0.000000e+00 0.000000e+00 0.000000e+00   0.0%
------------------------------------------------------------------------
Total                1.260590e-05 1.709237e-05 2.572538e-06 3.227081e-05 100.0%
                            39.1%        53.0%         8.0%

