
===========================================================================
 report_power
============================================================================
======================= nom_tt_025C_1v80 Corner ===================================

Group                    Internal    Switching      Leakage        Total
                            Power        Power        Power        Power (Watts)
------------------------------------------------------------------------
Sequential           5.450514e-06 2.493814e-06 2.109774e-10 7.944539e-06  37.1%
Combinational        8.976110e-06 4.505363e-06 2.717843e-09 1.348419e-05  62.9%
Macro                0.000000e+00 0.000000e+00 0.000000e+00 0.000000e+00   0.0%
Pad                  0.000000e+00 0.000000e+00 0.000000e+00 0.000000e+00   0.0%
------------------------------------------------------------------------
Total                1.442662e-05 6.999179e-06 2.928824e-09 2.142873e-05 100.0%
                            67.3%        32.7%         0.0%

