
===========================================================================
 report_power
============================================================================
======================= nom_tt_025C_1v80 Corner ===================================

Group                    Internal    Switching      Leakage        Total
                            Power        Power        Power        Power (Watts)
------------------------------------------------------------------------
Sequential           5.460103e-06 3.459811e-06 2.109834e-10 8.920124e-06  27.9%
Combinational        9.983462e-06 1.301640e-05 3.132256e-09 2.300299e-05  72.1%
Macro                0.000000e+00 0.000000e+00 0.000000e+00 0.000000e+00   0.0%
Pad                  0.000000e+00 0.000000e+00 0.000000e+00 0.000000e+00   0.0%
------------------------------------------------------------------------
Total                1.544356e-05 1.647620e-05 3.343243e-09 3.192310e-05 100.0%
                            48.4%        51.6%         0.0%

