
===========================================================================
 report_power
============================================================================
======================= min_ff_n40C_1v95 Corner ===================================

Group                    Internal    Switching      Leakage        Total
                            Power        Power        Power        Power (Watts)
------------------------------------------------------------------------
Sequential           6.212471e-06 3.764963e-06 3.691060e-10 9.977804e-06  25.5%
Combinational        1.005411e-05 1.908227e-05 3.409255e-08 2.917047e-05  74.5%
Macro                0.000000e+00 0.000000e+00 0.000000e+00 0.000000e+00   0.0%
Pad                  0.000000e+00 0.000000e+00 0.000000e+00 0.000000e+00   0.0%
------------------------------------------------------------------------
Total                1.626658e-05 2.284723e-05 3.446168e-08 3.914828e-05 100.0%
                            41.6%        58.4%         0.1%

