
===========================================================================
 report_power
============================================================================
======================= max_ss_100C_1v60 Corner ===================================

Group                    Internal    Switching      Leakage        Total
                            Power        Power        Power        Power (Watts)
------------------------------------------------------------------------
Sequential           4.366716e-06 2.497322e-06 3.677723e-07 7.231810e-06  24.7%
Combinational        7.826985e-06 1.320049e-05 1.013362e-06 2.204084e-05  75.3%
Macro                0.000000e+00 0.000000e+00 0.000000e+00 0.000000e+00   0.0%
Pad                  0.000000e+00 0.000000e+00 0.000000e+00 0.000000e+00   0.0%
------------------------------------------------------------------------
Total                1.219370e-05 1.569781e-05 1.381137e-06 2.927265e-05 100.0%
                            41.7%        53.6%         4.7%

