
===========================================================================
 report_power
============================================================================
======================= nom_tt_025C_1v80 Corner ===================================

Group                    Internal    Switching      Leakage        Total
                            Power        Power        Power        Power (Watts)
------------------------------------------------------------------------
Sequential           6.097299e-06 3.670230e-06 2.111134e-10 9.767740e-06  54.3%
Combinational        5.719068e-06 2.498601e-06 2.172686e-09 8.219842e-06  45.7%
Macro                0.000000e+00 0.000000e+00 0.000000e+00 0.000000e+00   0.0%
Pad                  0.000000e+00 0.000000e+00 0.000000e+00 0.000000e+00   0.0%
------------------------------------------------------------------------
Total                1.181637e-05 6.168830e-06 2.383802e-09 1.798758e-05 100.0%
                            65.7%        34.3%         0.0%

