
===========================================================================
 report_power
============================================================================
======================= min_ff_n40C_1v95 Corner ===================================

Group                    Internal    Switching      Leakage        Total
                            Power        Power        Power        Power (Watts)
------------------------------------------------------------------------
Sequential           6.209660e-06 3.766220e-06 3.691060e-10 9.976249e-06  25.0%
Combinational        1.031261e-05 1.961437e-05 3.412022e-08 2.996110e-05  75.0%
Macro                0.000000e+00 0.000000e+00 0.000000e+00 0.000000e+00   0.0%
Pad                  0.000000e+00 0.000000e+00 0.000000e+00 0.000000e+00   0.0%
------------------------------------------------------------------------
Total                1.652226e-05 2.338059e-05 3.448935e-08 3.993735e-05 100.0%
                            41.4%        58.5%         0.1%

