
===========================================================================
 report_power
============================================================================
======================= nom_tt_025C_1v80 Corner ===================================

Group                    Internal    Switching      Leakage        Total
                            Power        Power        Power        Power (Watts)
------------------------------------------------------------------------
Sequential           5.450430e-06 2.494244e-06 2.109774e-10 7.944885e-06  36.5%
Combinational        9.173706e-06 4.629909e-06 2.733313e-09 1.380635e-05  63.5%
Macro                0.000000e+00 0.000000e+00 0.000000e+00 0.000000e+00   0.0%
Pad                  0.000000e+00 0.000000e+00 0.000000e+00 0.000000e+00   0.0%
------------------------------------------------------------------------
Total                1.462414e-05 7.124155e-06 2.944294e-09 2.175124e-05 100.0%
                            67.2%        32.8%         0.0%

