
===========================================================================
 report_power
============================================================================
======================= nom_ss_100C_1v60 Corner ===================================

Group                    Internal    Switching      Leakage        Total
                            Power        Power        Power        Power (Watts)
------------------------------------------------------------------------
Sequential           4.368368e-06 2.496511e-06 3.677723e-07 7.232652e-06  25.2%
Combinational        7.653929e-06 1.282346e-05 9.873664e-07 2.146476e-05  74.8%
Macro                0.000000e+00 0.000000e+00 0.000000e+00 0.000000e+00   0.0%
Pad                  0.000000e+00 0.000000e+00 0.000000e+00 0.000000e+00   0.0%
------------------------------------------------------------------------
Total                1.202230e-05 1.531998e-05 1.355141e-06 2.869742e-05 100.0%
                            41.9%        53.4%         4.7%

