
===========================================================================
 report_power
============================================================================
======================= min_tt_025C_1v80 Corner ===================================

Group                    Internal    Switching      Leakage        Total
                            Power        Power        Power        Power (Watts)
------------------------------------------------------------------------
Sequential           5.459020e-06 3.276164e-06 2.109834e-10 8.735396e-06  22.9%
Combinational        1.016883e-05 1.916470e-05 3.922010e-08 2.937275e-05  77.1%
Macro                0.000000e+00 0.000000e+00 0.000000e+00 0.000000e+00   0.0%
Pad                  0.000000e+00 0.000000e+00 0.000000e+00 0.000000e+00   0.0%
------------------------------------------------------------------------
Total                1.562785e-05 2.244086e-05 3.943106e-08 3.810814e-05 100.0%
                            41.0%        58.9%         0.1%

