
===========================================================================
 report_power
============================================================================
======================= nom_ff_n40C_1v95 Corner ===================================

Group                    Internal    Switching      Leakage        Total
                            Power        Power        Power        Power (Watts)
------------------------------------------------------------------------
Sequential           6.228896e-06 3.768457e-06 3.722156e-10 9.997725e-06  23.5%
Combinational        1.085721e-05 2.164168e-05 5.177646e-08 3.255067e-05  76.5%
Macro                0.000000e+00 0.000000e+00 0.000000e+00 0.000000e+00   0.0%
Pad                  0.000000e+00 0.000000e+00 0.000000e+00 0.000000e+00   0.0%
------------------------------------------------------------------------
Total                1.708612e-05 2.541013e-05 5.214869e-08 4.254840e-05 100.0%
                            40.2%        59.7%         0.1%

