
===========================================================================
 report_power
============================================================================
======================= nom_ff_n40C_1v95 Corner ===================================

Group                    Internal    Switching      Leakage        Total
                            Power        Power        Power        Power (Watts)
------------------------------------------------------------------------
Sequential           6.211731e-06 3.620777e-06 3.691060e-10 9.832877e-06  40.9%
Combinational        7.190717e-06 6.694677e-06 3.007222e-07 1.418612e-05  59.1%
Macro                0.000000e+00 0.000000e+00 0.000000e+00 0.000000e+00   0.0%
Pad                  0.000000e+00 0.000000e+00 0.000000e+00 0.000000e+00   0.0%
------------------------------------------------------------------------
Total                1.340245e-05 1.031545e-05 3.010915e-07 2.401900e-05 100.0%
                            55.8%        42.9%         1.3%

