
===========================================================================
 report_power
============================================================================
======================= max_tt_025C_1v80 Corner ===================================

Group                    Internal    Switching      Leakage        Total
                            Power        Power        Power        Power (Watts)
------------------------------------------------------------------------
Sequential           5.443349e-06 3.179514e-06 2.109774e-10 8.623074e-06  25.2%
Combinational        9.318147e-06 1.622646e-05 2.834686e-08 2.557295e-05  74.8%
Macro                0.000000e+00 0.000000e+00 0.000000e+00 0.000000e+00   0.0%
Pad                  0.000000e+00 0.000000e+00 0.000000e+00 0.000000e+00   0.0%
------------------------------------------------------------------------
Total                1.476149e-05 1.940597e-05 2.855786e-08 3.419602e-05 100.0%
                            43.2%        56.7%         0.1%

