
===========================================================================
 report_power
============================================================================
======================= min_tt_025C_1v80 Corner ===================================

Group                    Internal    Switching      Leakage        Total
                            Power        Power        Power        Power (Watts)
------------------------------------------------------------------------
Sequential           5.456888e-06 3.182492e-06 2.109834e-10 8.639591e-06  23.3%
Combinational        1.002928e-05 1.843378e-05 4.235776e-08 2.850541e-05  76.7%
Macro                0.000000e+00 0.000000e+00 0.000000e+00 0.000000e+00   0.0%
Pad                  0.000000e+00 0.000000e+00 0.000000e+00 0.000000e+00   0.0%
------------------------------------------------------------------------
Total                1.548617e-05 2.161627e-05 4.256872e-08 3.714500e-05 100.0%
                            41.7%        58.2%         0.1%

