┏━━━━━━━━━━┳━━━━━━━━━━┳━━━━━━━━━━┳━━━━━━━━━━━┳━━━━━━━━━━┳━━━━━━━━━━━┳━━━━━━━━━━┓
┃          ┃ Hold     ┃ of which ┃ Setup     ┃ of which ┃ Max Cap   ┃ Max Slew ┃
┃ Corner/… ┃ Violati… ┃ reg-to-… ┃ Violatio… ┃ reg-to-… ┃ Violatio… ┃ Violati… ┃
┡━━━━━━━━━━╇━━━━━━━━━━╇━━━━━━━━━━╇━━━━━━━━━━━╇━━━━━━━━━━╇━━━━━━━━━━━╇━━━━━━━━━━┩
│ Overall  │ 0        │ 0        │ 0         │ 0        │ 0         │ 12       │
│ nom_tt_… │ 0        │ 0        │ 0         │ 0        │ 0         │ 0        │
│ nom_ss_… │ 0        │ 0        │ 0         │ 0        │ 0         │ 4        │
│ nom_ff_… │ 0        │ 0        │ 0         │ 0        │ 0         │ 0        │
│ min_tt_… │ 0        │ 0        │ 0         │ 0        │ 0         │ 0        │
│ min_ss_… │ 0        │ 0        │ 0         │ 0        │ 0         │ 4        │
│ min_ff_… │ 0        │ 0        │ 0         │ 0        │ 0         │ 0        │
│ max_tt_… │ 0        │ 0        │ 0         │ 0        │ 0         │ 0        │
│ max_ss_… │ 0        │ 0        │ 0         │ 0        │ 0         │ 4        │
│ max_ff_… │ 0        │ 0        │ 0         │ 0        │ 0         │ 0        │
└──────────┴──────────┴──────────┴───────────┴──────────┴───────────┴──────────┘
