
===========================================================================
report_checks -unconstrained
===========================================================================
======================= max_ff_n40C_1v95 Corner ===================================

Startpoint: wbs_adr_i[21] (input port clocked by clk)
Endpoint: _217_ (rising edge-triggered flip-flop)
Path Group: unconstrained
Path Type: max

Fanout         Cap        Slew       Delay        Time   Description
---------------------------------------------------------------------------------------------
                                  5.000000    5.000000 v input external delay
     2    0.003380    0.005560    0.002827    5.002827 v wbs_adr_i[21] (in)
                                                         wbs_adr_i[21] (net)
                      0.005564    0.000000    5.002827 v input16/A (sky130_fd_sc_hd__clkbuf_1)
     1    0.001790    0.014914    0.042997    5.045824 v input16/X (sky130_fd_sc_hd__clkbuf_1)
                                                         net16 (net)
                      0.014914    0.000133    5.045956 v _147_/A (sky130_fd_sc_hd__or4_1)
     1    0.003371    0.056020    0.292788    5.338744 v _147_/X (sky130_fd_sc_hd__or4_1)
                                                         _062_ (net)
                      0.056020    0.000266    5.339010 v _151_/A (sky130_fd_sc_hd__nor4_1)
     1    0.003345    0.159174    0.187640    5.526649 ^ _151_/Y (sky130_fd_sc_hd__nor4_1)
                                                         _066_ (net)
                      0.159174    0.000262    5.526912 ^ wire3/A (sky130_fd_sc_hd__buf_1)
     2    0.007152    0.069095    0.086005    5.612916 ^ wire3/X (sky130_fd_sc_hd__buf_1)
                                                         net300 (net)
                      0.069102    0.000537    5.613453 ^ max_cap2/A (sky130_fd_sc_hd__clkbuf_1)
     1    0.004688    0.047925    0.068252    5.681705 ^ max_cap2/X (sky130_fd_sc_hd__clkbuf_1)
                                                         net299 (net)
                      0.047929    0.000366    5.682071 ^ fanout53/A (sky130_fd_sc_hd__clkbuf_8)
    16    0.064505    0.091608    0.130088    5.812160 ^ fanout53/X (sky130_fd_sc_hd__clkbuf_8)
                                                         net53 (net)
                      0.091771    0.003199    5.815358 ^ _177_/A (sky130_fd_sc_hd__nand3_4)
     8    0.029896    0.081210    0.078420    5.893778 v _177_/Y (sky130_fd_sc_hd__nand3_4)
                                                         _083_ (net)
                      0.081311    0.002224    5.896002 v _191_/A2 (sky130_fd_sc_hd__o211a_1)
     1    0.002332    0.026564    0.141239    6.037240 v _191_/X (sky130_fd_sc_hd__o211a_1)
                                                         _023_ (net)
                      0.026564    0.000170    6.037410 v _217_/D (sky130_fd_sc_hd__dfxtp_1)
                                              6.037410   data arrival time
---------------------------------------------------------------------------------------------
(Path is unconstrained)




===========================================================================
report_checks --slack_max -0.01
============================================================================
======================= max_ff_n40C_1v95 Corner ===================================

No paths found.


===========================================================================
 report_check_types -max_slew -max_cap -max_fanout -violators
============================================================================
======================= max_ff_n40C_1v95 Corner ===================================



===========================================================================
report_parasitic_annotation -report_unannotated
============================================================================
Found 593 unannotated drivers.
 analog_io[0]
 analog_io[10]
 analog_io[11]
 analog_io[12]
 analog_io[13]
 analog_io[14]
 analog_io[15]
 analog_io[16]
 analog_io[17]
 analog_io[18]
 analog_io[19]
 analog_io[1]
 analog_io[20]
 analog_io[21]
 analog_io[22]
 analog_io[23]
 analog_io[24]
 analog_io[25]
 analog_io[26]
 analog_io[27]
 analog_io[28]
 analog_io[2]
 analog_io[3]
 analog_io[4]
 analog_io[5]
 analog_io[6]
 analog_io[7]
 analog_io[8]
 analog_io[9]
 analog_trigger_in
 analog_trigger_out
 io_in[0]
 io_in[10]
 io_in[11]
 io_in[12]
 io_in[13]
 io_in[14]
 io_in[15]
 io_in[16]
 io_in[17]
 io_in[18]
 io_in[19]
 io_in[1]
 io_in[20]
 io_in[21]
 io_in[22]
 io_in[23]
 io_in[24]
 io_in[25]
 io_in[26]
 io_in[27]
 io_in[28]
 io_in[29]
 io_in[2]
 io_in[30]
 io_in[31]
 io_in[32]
 io_in[33]
 io_in[34]
 io_in[35]
 io_in[36]
 io_in[37]
 io_in[3]
 io_in[4]
 io_in[5]
 io_in[6]
 io_in[7]
 io_in[8]
 io_in[9]
 la_data_in[100]
 la_data_in[101]
 la_data_in[102]
 la_data_in[103]
 la_data_in[104]
 la_data_in[105]
 la_data_in[106]
 la_data_in[107]
 la_data_in[108]
 la_data_in[109]
 la_data_in[10]
 la_data_in[110]
 la_data_in[111]
 la_data_in[112]
 la_data_in[113]
 la_data_in[114]
 la_data_in[115]
 la_data_in[116]
 la_data_in[117]
 la_data_in[118]
 la_data_in[119]
 la_data_in[11]
 la_data_in[120]
 la_data_in[121]
 la_data_in[122]
 la_data_in[123]
 la_data_in[124]
 la_data_in[125]
 la_data_in[126]
 la_data_in[127]
 la_data_in[12]
 la_data_in[13]
 la_data_in[14]
 la_data_in[15]
 la_data_in[16]
 la_data_in[17]
 la_data_in[18]
 la_data_in[19]
 la_data_in[1]
 la_data_in[20]
 la_data_in[21]
 la_data_in[22]
 la_data_in[23]
 la_data_in[24]
 la_data_in[25]
 la_data_in[26]
 la_data_in[27]
 la_data_in[28]
 la_data_in[29]
 la_data_in[2]
 la_data_in[30]
 la_data_in[31]
 la_data_in[32]
 la_data_in[33]
 la_data_in[34]
 la_data_in[35]
 la_data_in[36]
 la_data_in[37]
 la_data_in[38]
 la_data_in[39]
 la_data_in[3]
 la_data_in[40]
 la_data_in[41]
 la_data_in[42]
 la_data_in[43]
 la_data_in[44]
 la_data_in[45]
 la_data_in[46]
 la_data_in[47]
 la_data_in[48]
 la_data_in[49]
 la_data_in[4]
 la_data_in[50]
 la_data_in[51]
 la_data_in[52]
 la_data_in[53]
 la_data_in[54]
 la_data_in[55]
 la_data_in[56]
 la_data_in[57]
 la_data_in[58]
 la_data_in[59]
 la_data_in[5]
 la_data_in[60]
 la_data_in[61]
 la_data_in[62]
 la_data_in[63]
 la_data_in[64]
 la_data_in[65]
 la_data_in[66]
 la_data_in[67]
 la_data_in[68]
 la_data_in[69]
 la_data_in[6]
 la_data_in[70]
 la_data_in[71]
 la_data_in[72]
 la_data_in[73]
 la_data_in[74]
 la_data_in[75]
 la_data_in[76]
 la_data_in[77]
 la_data_in[78]
 la_data_in[79]
 la_data_in[7]
 la_data_in[80]
 la_data_in[81]
 la_data_in[82]
 la_data_in[83]
 la_data_in[84]
 la_data_in[85]
 la_data_in[86]
 la_data_in[87]
 la_data_in[88]
 la_data_in[89]
 la_data_in[8]
 la_data_in[90]
 la_data_in[91]
 la_data_in[92]
 la_data_in[93]
 la_data_in[94]
 la_data_in[95]
 la_data_in[96]
 la_data_in[97]
 la_data_in[98]
 la_data_in[99]
 la_data_in[9]
 la_oenb[0]
 la_oenb[100]
 la_oenb[101]
 la_oenb[102]
 la_oenb[103]
 la_oenb[104]
 la_oenb[105]
 la_oenb[106]
 la_oenb[107]
 la_oenb[108]
 la_oenb[109]
 la_oenb[10]
 la_oenb[110]
 la_oenb[111]
 la_oenb[112]
 la_oenb[113]
 la_oenb[114]
 la_oenb[115]
 la_oenb[116]
 la_oenb[117]
 la_oenb[118]
 la_oenb[119]
 la_oenb[11]
 la_oenb[120]
 la_oenb[121]
 la_oenb[122]
 la_oenb[123]
 la_oenb[124]
 la_oenb[125]
 la_oenb[126]
 la_oenb[127]
 la_oenb[12]
 la_oenb[13]
 la_oenb[14]
 la_oenb[15]
 la_oenb[16]
 la_oenb[17]
 la_oenb[18]
 la_oenb[19]
 la_oenb[1]
 la_oenb[20]
 la_oenb[21]
 la_oenb[22]
 la_oenb[23]
 la_oenb[24]
 la_oenb[25]
 la_oenb[26]
 la_oenb[27]
 la_oenb[28]
 la_oenb[29]
 la_oenb[2]
 la_oenb[30]
 la_oenb[31]
 la_oenb[32]
 la_oenb[33]
 la_oenb[34]
 la_oenb[35]
 la_oenb[36]
 la_oenb[37]
 la_oenb[38]
 la_oenb[39]
 la_oenb[3]
 la_oenb[40]
 la_oenb[41]
 la_oenb[42]
 la_oenb[43]
 la_oenb[44]
 la_oenb[45]
 la_oenb[46]
 la_oenb[47]
 la_oenb[48]
 la_oenb[49]
 la_oenb[4]
 la_oenb[50]
 la_oenb[51]
 la_oenb[52]
 la_oenb[53]
 la_oenb[54]
 la_oenb[55]
 la_oenb[56]
 la_oenb[57]
 la_oenb[58]
 la_oenb[59]
 la_oenb[5]
 la_oenb[60]
 la_oenb[61]
 la_oenb[62]
 la_oenb[63]
 la_oenb[64]
 la_oenb[65]
 la_oenb[66]
 la_oenb[67]
 la_oenb[68]
 la_oenb[69]
 la_oenb[6]
 la_oenb[70]
 la_oenb[71]
 la_oenb[72]
 la_oenb[73]
 la_oenb[74]
 la_oenb[75]
 la_oenb[76]
 la_oenb[77]
 la_oenb[78]
 la_oenb[79]
 la_oenb[7]
 la_oenb[80]
 la_oenb[81]
 la_oenb[82]
 la_oenb[83]
 la_oenb[84]
 la_oenb[85]
 la_oenb[86]
 la_oenb[87]
 la_oenb[88]
 la_oenb[89]
 la_oenb[8]
 la_oenb[90]
 la_oenb[91]
 la_oenb[92]
 la_oenb[93]
 la_oenb[94]
 la_oenb[95]
 la_oenb[96]
 la_oenb[97]
 la_oenb[98]
 la_oenb[99]
 la_oenb[9]
 user_clock2
 wb_rst_i
 wbs_dat_i[10]
 wbs_dat_i[11]
 wbs_dat_i[12]
 wbs_dat_i[13]
 wbs_dat_i[14]
 wbs_dat_i[15]
 wbs_dat_i[16]
 wbs_dat_i[17]
 wbs_dat_i[18]
 wbs_dat_i[19]
 wbs_dat_i[20]
 wbs_dat_i[21]
 wbs_dat_i[22]
 wbs_dat_i[23]
 wbs_dat_i[24]
 wbs_dat_i[25]
 wbs_dat_i[26]
 wbs_dat_i[27]
 wbs_dat_i[28]
 wbs_dat_i[29]
 wbs_dat_i[30]
 wbs_dat_i[31]
 wbs_dat_i[8]
 wbs_dat_i[9]
 wbs_sel_i[0]
 wbs_sel_i[1]
 wbs_sel_i[2]
 wbs_sel_i[3]
 _219__59/HI
 _220__60/HI
 _221__61/HI
 _222__62/HI
 _223__63/HI
 _224__64/HI
 _225__65/HI
 _226__66/HI
 _227__67/HI
 _228__68/HI
 _229__69/HI
 _230__70/HI
 _231__71/HI
 _232__72/HI
 _233__73/HI
 _234__74/HI
 _235__75/HI
 _236__76/HI
 _237__77/HI
 _238__78/HI
 _239__79/HI
 _240__80/HI
 _241__81/HI
 _242__82/HI
 _243__83/HI
 _244__84/HI
 _245__85/HI
 _246__86/HI
 _247__87/HI
 _248__88/HI
 _249__89/HI
 _250__90/HI
 _251__91/HI
 _252__92/HI
 _253__93/HI
 _254__94/HI
 _255__95/HI
 _256__96/HI
 _257__97/HI
 _258__98/HI
 _259__99/HI
 _260__100/HI
 _261__101/HI
 _262__102/HI
 _263__103/HI
 _264__104/HI
 _265__105/HI
 _266__106/HI
 _267__107/HI
 _268__108/HI
 _269__109/HI
 _270__110/HI
 _271__111/HI
 _272__112/HI
 _273__113/HI
 _274__114/HI
 _275__115/HI
 _276__116/HI
 _277__117/HI
 _278__118/HI
 _279__119/HI
 _280__120/HI
 _281__121/HI
 _282__284/LO
 _283__122/HI
 _284__123/HI
 _285__124/HI
 _286__285/LO
 _287__125/HI
 _288__126/HI
 _289__127/HI
 _290__286/LO
 _291__287/LO
 _292__128/HI
 _293__129/HI
 _294__288/LO
 _295__289/LO
 _296__130/HI
 _297__131/HI
 _298__290/LO
 _299__132/HI
 _300__291/LO
 _301__133/HI
 _302__292/LO
 _303__134/HI
 _304__293/LO
 _305__135/HI
 _306__136/HI
 _307__294/LO
 _308__137/HI
 _309__295/LO
 _310__138/HI
 _311__296/LO
 _312__139/HI
 _313__297/LO
 _314__140/HI
 _315__141/HI
 _316__142/HI
 _317__143/HI
 _318__144/HI
 _319__145/HI
 _320__146/HI
 _321__147/HI
 _322__148/HI
 _323__149/HI
 _324__150/HI
 _325__151/HI
 _326__152/HI
 _327__153/HI
 _328__154/HI
 _329__155/HI
 _330__156/HI
 _331__157/HI
 _332__158/HI
 _333__159/HI
 _334__160/HI
 _335__161/HI
 _336__162/HI
 _337__163/HI
 _338__164/HI
 _339__165/HI
 _340__166/HI
 _341__167/HI
 _342__168/HI
 _343__169/HI
 _344__170/HI
 _345__171/HI
 _346__172/HI
 _347__173/HI
 _348__174/HI
 _349__175/HI
 _350__176/HI
 _351__177/HI
 _352__178/HI
 _353__179/HI
 _354__180/HI
 _355__181/HI
 _356__182/HI
 _357__183/HI
 _358__184/HI
 _359__185/HI
 _360__186/HI
 _361__187/HI
 _362__188/HI
 _363__189/HI
 _364__190/HI
 _365__191/HI
 _366__192/HI
 _367__193/HI
 _368__194/HI
 _369__195/HI
 _370__196/HI
 _371__197/HI
 _372__198/HI
 _373__199/HI
 _374__200/HI
 _375__201/HI
 _376__202/HI
 _377__203/HI
 _378__204/HI
 _379__205/HI
 _380__206/HI
 _381__207/HI
 _382__208/HI
 _383__209/HI
 _384__210/HI
 _385__211/HI
 _386__212/HI
 _387__213/HI
 _388__214/HI
 _389__215/HI
 _390__216/HI
 _391__217/HI
 _392__218/HI
 _393__219/HI
 _394__220/HI
 _395__221/HI
 _396__222/HI
 _397__223/HI
 _398__224/HI
 _399__225/HI
 _400__226/HI
 _401__227/HI
 _402__228/HI
 _403__229/HI
 _404__230/HI
 _405__231/HI
 _406__232/HI
 _407__233/HI
 _408__234/HI
 _409__235/HI
 _410__236/HI
 _411__237/HI
 _412__238/HI
 _413__239/HI
 _414__240/HI
 _415__241/HI
 _416__242/HI
 _417__243/HI
 _418__244/HI
 _419__245/HI
 _420__246/HI
 _421__247/HI
 _422__248/HI
 _423__249/HI
 _424__250/HI
 _425__251/HI
 _426__252/HI
 _427__253/HI
 _428__254/HI
 _429__255/HI
 _430__256/HI
 _431__257/HI
 _432__258/HI
 _433__259/HI
 _434__260/HI
 _435__261/HI
 _436__262/HI
 _437__263/HI
 _438__264/HI
 _439__265/HI
 _440__266/HI
 _441__267/HI
 _442__268/HI
 _443__269/HI
 _444__270/HI
 _445__271/HI
 _446__272/HI
 _447__273/HI
 _448__274/HI
 _449__275/HI
 _450__276/HI
 _451__277/HI
 _452__278/HI
 _453__279/HI
 _454__280/HI
 _455__281/HI
 _456__282/HI
 _457__283/HI
Found 0 partially unannotated drivers.

===========================================================================
max slew violation count 0
max fanout violation count 0
max cap violation count 0
============================================================================

===========================================================================
check_setup -verbose -unconstrained_endpoints -multiple_clock -no_clock -no_input_delay -loops -generated_clocks
===========================================================================
Warning: There are 25 unclocked register/latch pins.
  _194_/CLK
  _195_/CLK
  _196_/CLK
  _197_/CLK
  _198_/CLK
  _199_/CLK
  _200_/CLK
  _201_/CLK
  _202_/CLK
  _203_/CLK
  _204_/CLK
  _205_/CLK
  _206_/CLK
  _207_/CLK
  _208_/CLK
  _209_/CLK
  _210_/CLK
  _211_/CLK
  _212_/CLK
  _213_/CLK
  _214_/CLK
  _215_/CLK
  _216_/CLK
  _217_/CLK
  _218_/CLK
Warning: There are 298 unconstrained endpoints.
  analog_io[0]
  analog_io[10]
  analog_io[11]
  analog_io[12]
  analog_io[13]
  analog_io[14]
  analog_io[15]
  analog_io[16]
  analog_io[17]
  analog_io[18]
  analog_io[19]
  analog_io[1]
  analog_io[20]
  analog_io[21]
  analog_io[22]
  analog_io[23]
  analog_io[24]
  analog_io[25]
  analog_io[26]
  analog_io[27]
  analog_io[28]
  analog_io[2]
  analog_io[3]
  analog_io[4]
  analog_io[5]
  analog_io[6]
  analog_io[7]
  analog_io[8]
  analog_io[9]
  analog_trigger_in
  analog_trigger_out
  io_oeb[0]
  io_oeb[10]
  io_oeb[11]
  io_oeb[12]
  io_oeb[13]
  io_oeb[14]
  io_oeb[15]
  io_oeb[16]
  io_oeb[17]
  io_oeb[18]
  io_oeb[19]
  io_oeb[1]
  io_oeb[20]
  io_oeb[21]
  io_oeb[22]
  io_oeb[23]
  io_oeb[24]
  io_oeb[25]
  io_oeb[26]
  io_oeb[27]
  io_oeb[28]
  io_oeb[29]
  io_oeb[2]
  io_oeb[30]
  io_oeb[31]
  io_oeb[32]
  io_oeb[33]
  io_oeb[34]
  io_oeb[35]
  io_oeb[36]
  io_oeb[37]
  io_oeb[3]
  io_oeb[4]
  io_oeb[5]
  io_oeb[6]
  io_oeb[7]
  io_oeb[8]
  io_oeb[9]
  io_out[0]
  io_out[10]
  io_out[11]
  io_out[12]
  io_out[13]
  io_out[14]
  io_out[15]
  io_out[16]
  io_out[17]
  io_out[18]
  io_out[19]
  io_out[1]
  io_out[20]
  io_out[21]
  io_out[22]
  io_out[23]
  io_out[24]
  io_out[25]
  io_out[26]
  io_out[27]
  io_out[28]
  io_out[29]
  io_out[2]
  io_out[30]
  io_out[31]
  io_out[32]
  io_out[33]
  io_out[34]
  io_out[35]
  io_out[36]
  io_out[37]
  io_out[3]
  io_out[4]
  io_out[5]
  io_out[6]
  io_out[7]
  io_out[8]
  io_out[9]
  la_data_out[0]
  la_data_out[100]
  la_data_out[101]
  la_data_out[102]
  la_data_out[103]
  la_data_out[104]
  la_data_out[105]
  la_data_out[106]
  la_data_out[107]
  la_data_out[108]
  la_data_out[109]
  la_data_out[10]
  la_data_out[110]
  la_data_out[111]
  la_data_out[112]
  la_data_out[113]
  la_data_out[114]
  la_data_out[115]
  la_data_out[116]
  la_data_out[117]
  la_data_out[118]
  la_data_out[119]
  la_data_out[11]
  la_data_out[120]
  la_data_out[121]
  la_data_out[122]
  la_data_out[123]
  la_data_out[124]
  la_data_out[125]
  la_data_out[126]
  la_data_out[127]
  la_data_out[12]
  la_data_out[13]
  la_data_out[14]
  la_data_out[15]
  la_data_out[16]
  la_data_out[17]
  la_data_out[18]
  la_data_out[19]
  la_data_out[1]
  la_data_out[20]
  la_data_out[21]
  la_data_out[22]
  la_data_out[23]
  la_data_out[24]
  la_data_out[25]
  la_data_out[26]
  la_data_out[27]
  la_data_out[28]
  la_data_out[29]
  la_data_out[2]
  la_data_out[30]
  la_data_out[31]
  la_data_out[32]
  la_data_out[33]
  la_data_out[34]
  la_data_out[35]
  la_data_out[36]
  la_data_out[37]
  la_data_out[38]
  la_data_out[39]
  la_data_out[3]
  la_data_out[40]
  la_data_out[41]
  la_data_out[42]
  la_data_out[43]
  la_data_out[44]
  la_data_out[45]
  la_data_out[46]
  la_data_out[47]
  la_data_out[48]
  la_data_out[49]
  la_data_out[4]
  la_data_out[50]
  la_data_out[51]
  la_data_out[52]
  la_data_out[53]
  la_data_out[54]
  la_data_out[55]
  la_data_out[56]
  la_data_out[57]
  la_data_out[58]
  la_data_out[59]
  la_data_out[5]
  la_data_out[60]
  la_data_out[61]
  la_data_out[62]
  la_data_out[63]
  la_data_out[64]
  la_data_out[65]
  la_data_out[66]
  la_data_out[67]
  la_data_out[68]
  la_data_out[69]
  la_data_out[6]
  la_data_out[70]
  la_data_out[71]
  la_data_out[72]
  la_data_out[73]
  la_data_out[74]
  la_data_out[75]
  la_data_out[76]
  la_data_out[77]
  la_data_out[78]
  la_data_out[79]
  la_data_out[7]
  la_data_out[80]
  la_data_out[81]
  la_data_out[82]
  la_data_out[83]
  la_data_out[84]
  la_data_out[85]
  la_data_out[86]
  la_data_out[87]
  la_data_out[88]
  la_data_out[89]
  la_data_out[8]
  la_data_out[90]
  la_data_out[91]
  la_data_out[92]
  la_data_out[93]
  la_data_out[94]
  la_data_out[95]
  la_data_out[96]
  la_data_out[97]
  la_data_out[98]
  la_data_out[99]
  la_data_out[9]
  pwm_fall_out
  pwm_rise_out
  user_irq[0]
  user_irq[1]
  user_irq[2]
  wbs_ack_o
  wbs_dat_o[0]
  wbs_dat_o[10]
  wbs_dat_o[11]
  wbs_dat_o[12]
  wbs_dat_o[13]
  wbs_dat_o[14]
  wbs_dat_o[15]
  wbs_dat_o[16]
  wbs_dat_o[17]
  wbs_dat_o[18]
  wbs_dat_o[19]
  wbs_dat_o[1]
  wbs_dat_o[20]
  wbs_dat_o[21]
  wbs_dat_o[22]
  wbs_dat_o[23]
  wbs_dat_o[24]
  wbs_dat_o[25]
  wbs_dat_o[26]
  wbs_dat_o[27]
  wbs_dat_o[28]
  wbs_dat_o[29]
  wbs_dat_o[2]
  wbs_dat_o[30]
  wbs_dat_o[31]
  wbs_dat_o[3]
  wbs_dat_o[4]
  wbs_dat_o[5]
  wbs_dat_o[6]
  wbs_dat_o[7]
  wbs_dat_o[8]
  wbs_dat_o[9]
  _194_/D
  _195_/D
  _196_/D
  _197_/D
  _198_/D
  _199_/D
  _200_/D
  _201_/D
  _202_/D
  _203_/D
  _204_/D
  _205_/D
  _206_/D
  _207_/D
  _208_/D
  _209_/D
  _210_/D
  _211_/D
  _212_/D
  _213_/D
  _214_/D
  _215_/D
  _216_/D
  _217_/D
  _218_/D
