
===========================================================================
 report_power
============================================================================
======================= nom_ss_100C_1v60 Corner ===================================

Group                    Internal    Switching      Leakage        Total
                            Power        Power        Power        Power (Watts)
------------------------------------------------------------------------
Sequential           4.378956e-06 2.498864e-06 3.685079e-07 7.246327e-06  22.5%
Combinational        8.226327e-06 1.459143e-05 2.204034e-06 2.502179e-05  77.5%
Macro                0.000000e+00 0.000000e+00 0.000000e+00 0.000000e+00   0.0%
Pad                  0.000000e+00 0.000000e+00 0.000000e+00 0.000000e+00   0.0%
------------------------------------------------------------------------
Total                1.260528e-05 1.709029e-05 2.572538e-06 3.226812e-05 100.0%
                            39.1%        53.0%         8.0%

