
===========================================================================
 report_power
============================================================================
======================= nom_tt_025C_1v80 Corner ===================================

Group                    Internal    Switching      Leakage        Total
                            Power        Power        Power        Power (Watts)
------------------------------------------------------------------------
Sequential           5.442774e-06 3.056785e-06 2.109774e-10 8.499770e-06  40.2%
Combinational        6.769214e-06 5.610646e-06 2.547294e-07 1.263459e-05  59.8%
Macro                0.000000e+00 0.000000e+00 0.000000e+00 0.000000e+00   0.0%
Pad                  0.000000e+00 0.000000e+00 0.000000e+00 0.000000e+00   0.0%
------------------------------------------------------------------------
Total                1.221199e-05 8.667434e-06 2.549405e-07 2.113436e-05 100.0%
                            57.8%        41.0%         1.2%

