
===========================================================================
 report_power
============================================================================
======================= nom_tt_025C_1v80 Corner ===================================

Group                    Internal    Switching      Leakage        Total
                            Power        Power        Power        Power (Watts)
------------------------------------------------------------------------
Sequential           5.468081e-06 2.494244e-06 2.109834e-10 7.962535e-06  36.4%
Combinational        9.293294e-06 4.641321e-06 2.763229e-09 1.393738e-05  63.6%
Macro                0.000000e+00 0.000000e+00 0.000000e+00 0.000000e+00   0.0%
Pad                  0.000000e+00 0.000000e+00 0.000000e+00 0.000000e+00   0.0%
------------------------------------------------------------------------
Total                1.476137e-05 7.135566e-06 2.974216e-09 2.189991e-05 100.0%
                            67.4%        32.6%         0.0%

