[INFO GRT-0043] No OR_DEFAULT vias defined.
Net: net2
  Pin: fanout57/A (sky130_fd_sc_hd__buf_2)
    Layer: met2
      Partial area ratio:   52.23
      Required ratio:    0.00 (Gate area) 
      Partial area ratio:  264.65
      Required ratio: 4135.24 (Side area) 
      Cumulative area ratio:  259.04
      Required ratio:    0.00 (Cumulative area) 
      Cumulative area ratio: 1299.95
      Required ratio:    0.00 (Cumulative side area) 

    Layer: met1
      Partial area ratio:  206.81
      Required ratio:    0.00 (Gate area) 
      Partial area ratio: 1035.30
      Required ratio:  400.00 (Side area) (VIOLATED)
      Cumulative area ratio:  206.81
      Required ratio:    0.00 (Cumulative area) 
      Cumulative area ratio: 1035.30
      Required ratio:    0.00 (Cumulative side area) 

    Layer: li1
      Partial area ratio:    0.00
      Required ratio:    0.00 (Gate area) 
      Partial area ratio:    0.00
      Required ratio:   75.00 (Side area) 
      Cumulative area ratio:    0.00
      Required ratio:    0.00 (Cumulative area) 
      Cumulative area ratio:    0.00
      Required ratio:    0.00 (Cumulative side area) 

    Via: M1M2_PR
      Partial area ratio:    0.42
      Required ratio:    6.00 (Gate area) 
      Cumulative area ratio:    0.61
      Required ratio:    0.00 (Cumulative area) 

    Via: L1M1_PR
      Partial area ratio:    0.18
      Required ratio:    3.00 (Gate area) 
      Cumulative area ratio:    0.18
      Required ratio:    0.00 (Cumulative area) 

  Pin: fanout59/A (sky130_fd_sc_hd__buf_2)
    Layer: met2
      Partial area ratio:   52.23
      Required ratio:    0.00 (Gate area) 
      Partial area ratio:  264.65
      Required ratio: 4135.24 (Side area) 
      Cumulative area ratio:  259.04
      Required ratio:    0.00 (Cumulative area) 
      Cumulative area ratio: 1299.95
      Required ratio:    0.00 (Cumulative side area) 

    Layer: met1
      Partial area ratio:    0.00
      Required ratio:    0.00 (Gate area) 
      Partial area ratio:    0.00
      Required ratio:  400.00 (Side area) 
      Cumulative area ratio:    0.00
      Required ratio:    0.00 (Cumulative area) 
      Cumulative area ratio:    0.00
      Required ratio:    0.00 (Cumulative side area) 

    Layer: li1
      Partial area ratio:    0.00
      Required ratio:    0.00 (Gate area) 
      Partial area ratio:    0.00
      Required ratio:   75.00 (Side area) 
      Cumulative area ratio:    0.00
      Required ratio:    0.00 (Cumulative area) 
      Cumulative area ratio:    0.00
      Required ratio:    0.00 (Cumulative side area) 

    Via: M1M2_PR
      Partial area ratio:    0.14
      Required ratio:    6.00 (Gate area) 
      Cumulative area ratio:    0.32
      Required ratio:    0.00 (Cumulative area) 

    Via: L1M1_PR
      Partial area ratio:    0.18
      Required ratio:    3.00 (Gate area) 
      Cumulative area ratio:    0.18
      Required ratio:    0.00 (Cumulative area) 

  Pin: fanout58/A (sky130_fd_sc_hd__buf_2)
    Layer: met2
      Partial area ratio:   52.23
      Required ratio:    0.00 (Gate area) 
      Partial area ratio:  264.65
      Required ratio: 4135.24 (Side area) 
      Cumulative area ratio:  259.04
      Required ratio:    0.00 (Cumulative area) 
      Cumulative area ratio: 1299.95
      Required ratio:    0.00 (Cumulative side area) 

    Layer: met1
      Partial area ratio:    0.00
      Required ratio:    0.00 (Gate area) 
      Partial area ratio:    0.00
      Required ratio:  400.00 (Side area) 
      Cumulative area ratio:    0.00
      Required ratio:    0.00 (Cumulative area) 
      Cumulative area ratio:    0.00
      Required ratio:    0.00 (Cumulative side area) 

    Layer: li1
      Partial area ratio:    0.00
      Required ratio:    0.00 (Gate area) 
      Partial area ratio:    0.00
      Required ratio:   75.00 (Side area) 
      Cumulative area ratio:    0.00
      Required ratio:    0.00 (Cumulative area) 
      Cumulative area ratio:    0.00
      Required ratio:    0.00 (Cumulative side area) 

    Via: M1M2_PR
      Partial area ratio:    0.14
      Required ratio:    6.00 (Gate area) 
      Cumulative area ratio:    0.32
      Required ratio:    0.00 (Cumulative area) 

    Via: L1M1_PR
      Partial area ratio:    0.18
      Required ratio:    3.00 (Gate area) 
      Cumulative area ratio:    0.18
      Required ratio:    0.00 (Cumulative area) 


[INFO ANT-0002] Found 1 net violations.
[INFO ANT-0001] Found 1 pin violations.
