
===========================================================================
 report_power
============================================================================
======================= min_tt_025C_1v80 Corner ===================================

Group                    Internal    Switching      Leakage        Total
                            Power        Power        Power        Power (Watts)
------------------------------------------------------------------------
Sequential           5.442734e-06 3.056785e-06 2.109774e-10 8.499730e-06  40.2%
Combinational        6.769420e-06 5.610646e-06 2.547294e-07 1.263480e-05  59.8%
Macro                0.000000e+00 0.000000e+00 0.000000e+00 0.000000e+00   0.0%
Pad                  0.000000e+00 0.000000e+00 0.000000e+00 0.000000e+00   0.0%
------------------------------------------------------------------------
Total                1.221215e-05 8.667433e-06 2.549405e-07 2.113453e-05 100.0%
                            57.8%        41.0%         1.2%

