
===========================================================================
 report_power
============================================================================
======================= max_tt_025C_1v80 Corner ===================================

Group                    Internal    Switching      Leakage        Total
                            Power        Power        Power        Power (Watts)
------------------------------------------------------------------------
Sequential           5.441274e-06 3.180530e-06 2.109774e-10 8.622014e-06  24.7%
Combinational        9.537741e-06 1.669078e-05 2.838502e-08 2.625690e-05  75.3%
Macro                0.000000e+00 0.000000e+00 0.000000e+00 0.000000e+00   0.0%
Pad                  0.000000e+00 0.000000e+00 0.000000e+00 0.000000e+00   0.0%
------------------------------------------------------------------------
Total                1.497902e-05 1.987131e-05 2.859602e-08 3.487892e-05 100.0%
                            42.9%        57.0%         0.1%

