
===========================================================================
 report_power
============================================================================
======================= max_tt_025C_1v80 Corner ===================================

Group                    Internal    Switching      Leakage        Total
                            Power        Power        Power        Power (Watts)
------------------------------------------------------------------------
Sequential           5.442334e-06 3.056785e-06 2.109774e-10 8.499330e-06  40.2%
Combinational        6.768932e-06 5.610647e-06 2.547294e-07 1.263431e-05  59.8%
Macro                0.000000e+00 0.000000e+00 0.000000e+00 0.000000e+00   0.0%
Pad                  0.000000e+00 0.000000e+00 0.000000e+00 0.000000e+00   0.0%
------------------------------------------------------------------------
Total                1.221126e-05 8.667434e-06 2.549405e-07 2.113364e-05 100.0%
                            57.8%        41.0%         1.2%

