
===========================================================================
 report_power
============================================================================
======================= nom_tt_025C_1v80 Corner ===================================

Group                    Internal    Switching      Leakage        Total
                            Power        Power        Power        Power (Watts)
------------------------------------------------------------------------
Sequential           5.434806e-06 3.305255e-06 2.109774e-10 8.740271e-06  28.8%
Combinational        9.216754e-06 1.238848e-05 2.717849e-09 2.160795e-05  71.2%
Macro                0.000000e+00 0.000000e+00 0.000000e+00 0.000000e+00   0.0%
Pad                  0.000000e+00 0.000000e+00 0.000000e+00 0.000000e+00   0.0%
------------------------------------------------------------------------
Total                1.465157e-05 1.569373e-05 2.928830e-09 3.034823e-05 100.0%
                            48.3%        51.7%         0.0%

